// Jest Snapshot v1, https://goo.gl/fbAQLP

exports[`generates unique classnames 1`] = `
Array [
  "a",
  "b",
  "c",
  "d",
  "e",
  "f",
  "g",
  "h",
  "i",
  "j",
  "k",
  "l",
  "m",
  "n",
  "o",
  "p",
  "q",
  "r",
  "s",
  "t",
  "u",
  "v",
  "w",
  "x",
  "y",
  "z",
  "A",
  "B",
  "C",
  "D",
  "E",
  "F",
  "G",
  "H",
  "I",
  "J",
  "K",
  "L",
  "M",
  "N",
  "O",
  "P",
  "Q",
  "R",
  "S",
  "T",
  "U",
  "V",
  "W",
  "X",
  "Y",
  "Z",
  "ab",
  "bb",
  "cb",
  "db",
  "eb",
  "fb",
  "gb",
  "hb",
  "ib",
  "jb",
  "kb",
  "lb",
  "mb",
  "nb",
  "ob",
  "pb",
  "qb",
  "rb",
  "sb",
  "tb",
  "ub",
  "vb",
  "wb",
  "xb",
  "yb",
  "zb",
  "Ab",
  "Bb",
  "Cb",
  "Db",
  "Eb",
  "Fb",
  "Gb",
  "Hb",
  "Ib",
  "Jb",
  "Kb",
  "Lb",
  "Mb",
  "Nb",
  "Ob",
  "Pb",
  "Qb",
  "Rb",
  "Sb",
  "Tb",
  "Ub",
  "Vb",
  "Wb",
  "Xb",
  "Yb",
  "Zb",
  "ac",
  "bc",
  "cc",
  "dc",
  "ec",
  "fc",
  "gc",
  "hc",
  "ic",
  "jc",
  "kc",
  "lc",
  "mc",
  "nc",
  "oc",
  "pc",
  "qc",
  "rc",
  "sc",
  "tc",
  "uc",
  "vc",
  "wc",
  "xc",
  "yc",
  "zc",
  "Ac",
  "Bc",
  "Cc",
  "Dc",
  "Ec",
  "Fc",
  "Gc",
  "Hc",
  "Ic",
  "Jc",
  "Kc",
  "Lc",
  "Mc",
  "Nc",
  "Oc",
  "Pc",
  "Qc",
  "Rc",
  "Sc",
  "Tc",
  "Uc",
  "Vc",
  "Wc",
  "Xc",
  "Yc",
  "Zc",
  "bd",
  "cd",
  "dd",
  "ed",
  "fd",
  "gd",
  "hd",
  "id",
  "jd",
  "kd",
  "ld",
  "md",
  "nd",
  "od",
  "pd",
  "qd",
  "rd",
  "sd",
  "td",
  "ud",
  "vd",
  "wd",
  "xd",
  "yd",
  "zd",
  "Bd",
  "Cd",
  "Dd",
  "Ed",
  "Fd",
  "Gd",
  "Hd",
  "Id",
  "Jd",
  "Kd",
  "Ld",
  "Md",
  "Nd",
  "Od",
  "Pd",
  "Qd",
  "Rd",
  "Sd",
  "Td",
  "Ud",
  "Vd",
  "Wd",
  "Xd",
  "Yd",
  "Zd",
  "ae",
  "be",
  "ce",
  "de",
  "ee",
  "fe",
  "ge",
  "he",
  "ie",
  "je",
  "ke",
  "le",
  "me",
  "ne",
  "oe",
  "pe",
  "qe",
  "re",
  "se",
  "te",
  "ue",
  "ve",
  "we",
  "xe",
  "ye",
  "ze",
  "Ae",
  "Be",
  "Ce",
  "De",
  "Ee",
  "Fe",
  "Ge",
  "He",
  "Ie",
  "Je",
  "Ke",
  "Le",
  "Me",
  "Ne",
  "Oe",
  "Pe",
  "Qe",
  "Re",
  "Se",
  "Te",
  "Ue",
  "Ve",
  "We",
  "Xe",
  "Ye",
  "Ze",
  "af",
  "bf",
  "cf",
  "df",
  "ef",
  "ff",
  "gf",
  "hf",
  "if",
  "jf",
  "kf",
  "lf",
  "mf",
  "nf",
  "of",
  "pf",
  "qf",
  "rf",
  "sf",
  "tf",
  "uf",
  "vf",
  "wf",
  "xf",
  "yf",
  "zf",
  "Af",
  "Bf",
  "Cf",
  "Df",
  "Ef",
  "Ff",
  "Gf",
  "Hf",
  "If",
  "Jf",
  "Kf",
  "Lf",
  "Mf",
  "Nf",
  "Of",
  "Pf",
  "Qf",
  "Rf",
  "Sf",
  "Tf",
  "Uf",
  "Vf",
  "Wf",
  "Xf",
  "Yf",
  "Zf",
  "ag",
  "bg",
  "cg",
  "dg",
  "eg",
  "fg",
  "gg",
  "hg",
  "ig",
  "jg",
  "kg",
  "lg",
  "mg",
  "ng",
  "og",
  "pg",
  "qg",
  "rg",
  "sg",
  "tg",
  "ug",
  "vg",
  "wg",
  "xg",
  "yg",
  "zg",
  "Ag",
  "Bg",
  "Cg",
  "Dg",
  "Eg",
  "Fg",
  "Gg",
  "Hg",
  "Ig",
  "Jg",
  "Kg",
  "Lg",
  "Mg",
  "Ng",
  "Og",
  "Pg",
  "Qg",
  "Rg",
  "Sg",
  "Tg",
  "Ug",
  "Vg",
  "Wg",
  "Xg",
  "Yg",
  "Zg",
  "ah",
  "bh",
  "ch",
  "dh",
  "eh",
  "fh",
  "gh",
  "hh",
  "ih",
  "jh",
  "kh",
  "lh",
  "mh",
  "nh",
  "oh",
  "ph",
  "qh",
  "rh",
  "sh",
  "th",
  "uh",
  "vh",
  "wh",
  "xh",
  "yh",
  "zh",
  "Ah",
  "Bh",
  "Ch",
  "Dh",
  "Eh",
  "Fh",
  "Gh",
  "Hh",
  "Ih",
  "Jh",
  "Kh",
  "Lh",
  "Mh",
  "Nh",
  "Oh",
  "Ph",
  "Qh",
  "Rh",
  "Sh",
  "Th",
  "Uh",
  "Vh",
  "Wh",
  "Xh",
  "Yh",
  "Zh",
  "ai",
  "bi",
  "ci",
  "di",
  "ei",
  "fi",
  "gi",
  "hi",
  "ii",
  "ji",
  "ki",
  "li",
  "mi",
  "ni",
  "oi",
  "pi",
  "qi",
  "ri",
  "si",
  "ti",
  "ui",
  "vi",
  "wi",
  "xi",
  "yi",
  "zi",
  "Ai",
  "Bi",
  "Ci",
  "Di",
  "Ei",
  "Fi",
  "Gi",
  "Hi",
  "Ii",
  "Ji",
  "Ki",
  "Li",
  "Mi",
  "Ni",
  "Oi",
  "Pi",
  "Qi",
  "Ri",
  "Si",
  "Ti",
  "Ui",
  "Vi",
  "Wi",
  "Xi",
  "Yi",
  "Zi",
  "aj",
  "bj",
  "cj",
  "dj",
  "ej",
  "fj",
  "gj",
  "hj",
  "ij",
  "jj",
  "kj",
  "lj",
  "mj",
  "nj",
  "oj",
  "pj",
  "qj",
  "rj",
  "sj",
  "tj",
  "uj",
  "vj",
  "wj",
  "xj",
  "yj",
  "zj",
  "Aj",
  "Bj",
  "Cj",
  "Dj",
  "Ej",
  "Fj",
  "Gj",
  "Hj",
  "Ij",
  "Jj",
  "Kj",
  "Lj",
  "Mj",
  "Nj",
  "Oj",
  "Pj",
  "Qj",
  "Rj",
  "Sj",
  "Tj",
  "Uj",
  "Vj",
  "Wj",
  "Xj",
  "Yj",
  "Zj",
  "ak",
  "bk",
  "ck",
  "dk",
  "ek",
  "fk",
  "gk",
  "hk",
  "ik",
  "jk",
  "kk",
  "lk",
  "mk",
  "nk",
  "ok",
  "pk",
  "qk",
  "rk",
  "sk",
  "tk",
  "uk",
  "vk",
  "wk",
  "xk",
  "yk",
  "zk",
  "Ak",
  "Bk",
  "Ck",
  "Dk",
  "Ek",
  "Fk",
  "Gk",
  "Hk",
  "Ik",
  "Jk",
  "Kk",
  "Lk",
  "Mk",
  "Nk",
  "Ok",
  "Pk",
  "Qk",
  "Rk",
  "Sk",
  "Tk",
  "Uk",
  "Vk",
  "Wk",
  "Xk",
  "Yk",
  "Zk",
  "al",
  "bl",
  "cl",
  "dl",
  "el",
  "fl",
  "gl",
  "hl",
  "il",
  "jl",
  "kl",
  "ll",
  "ml",
  "nl",
  "ol",
  "pl",
  "ql",
  "rl",
  "sl",
  "tl",
  "ul",
  "vl",
  "wl",
  "xl",
  "yl",
  "zl",
  "Al",
  "Bl",
  "Cl",
  "Dl",
  "El",
  "Fl",
  "Gl",
  "Hl",
  "Il",
  "Jl",
  "Kl",
  "Ll",
  "Ml",
  "Nl",
  "Ol",
  "Pl",
  "Ql",
  "Rl",
  "Sl",
  "Tl",
  "Ul",
  "Vl",
  "Wl",
  "Xl",
  "Yl",
  "Zl",
  "am",
  "bm",
  "cm",
  "dm",
  "em",
  "fm",
  "gm",
  "hm",
  "im",
  "jm",
  "km",
  "lm",
  "mm",
  "nm",
  "om",
  "pm",
  "qm",
  "rm",
  "sm",
  "tm",
  "um",
  "vm",
  "wm",
  "xm",
  "ym",
  "zm",
  "Am",
  "Bm",
  "Cm",
  "Dm",
  "Em",
  "Fm",
  "Gm",
  "Hm",
  "Im",
  "Jm",
  "Km",
  "Lm",
  "Mm",
  "Nm",
  "Om",
  "Pm",
  "Qm",
  "Rm",
  "Sm",
  "Tm",
  "Um",
  "Vm",
  "Wm",
  "Xm",
  "Ym",
  "Zm",
  "an",
  "bn",
  "cn",
  "dn",
  "en",
  "fn",
  "gn",
  "hn",
  "in",
  "jn",
  "kn",
  "ln",
  "mn",
  "nn",
  "on",
  "pn",
  "qn",
  "rn",
  "sn",
  "tn",
  "un",
  "vn",
  "wn",
  "xn",
  "yn",
  "zn",
  "An",
  "Bn",
  "Cn",
  "Dn",
  "En",
  "Fn",
  "Gn",
  "Hn",
  "In",
  "Jn",
  "Kn",
  "Ln",
  "Mn",
  "Nn",
  "On",
  "Pn",
  "Qn",
  "Rn",
  "Sn",
  "Tn",
  "Un",
  "Vn",
  "Wn",
  "Xn",
  "Yn",
  "Zn",
  "ao",
  "bo",
  "co",
  "do",
  "eo",
  "fo",
  "go",
  "ho",
  "io",
  "jo",
  "ko",
  "lo",
  "mo",
  "no",
  "oo",
  "po",
  "qo",
  "ro",
  "so",
  "to",
  "uo",
  "vo",
  "wo",
  "xo",
  "yo",
  "zo",
  "Ao",
  "Bo",
  "Co",
  "Do",
  "Eo",
  "Fo",
  "Go",
  "Ho",
  "Io",
  "Jo",
  "Ko",
  "Lo",
  "Mo",
  "No",
  "Oo",
  "Po",
  "Qo",
  "Ro",
  "So",
  "To",
  "Uo",
  "Vo",
  "Wo",
  "Xo",
  "Yo",
  "Zo",
  "ap",
  "bp",
  "cp",
  "dp",
  "ep",
  "fp",
  "gp",
  "hp",
  "ip",
  "jp",
  "kp",
  "lp",
  "mp",
  "np",
  "op",
  "pp",
  "qp",
  "rp",
  "sp",
  "tp",
  "up",
  "vp",
  "wp",
  "xp",
  "yp",
  "zp",
  "Ap",
  "Bp",
  "Cp",
  "Dp",
  "Ep",
  "Fp",
  "Gp",
  "Hp",
  "Ip",
  "Jp",
  "Kp",
  "Lp",
  "Mp",
  "Np",
  "Op",
  "Pp",
  "Qp",
  "Rp",
  "Sp",
  "Tp",
  "Up",
  "Vp",
  "Wp",
  "Xp",
  "Yp",
  "Zp",
  "aq",
  "bq",
  "cq",
  "dq",
  "eq",
  "fq",
  "gq",
  "hq",
  "iq",
  "jq",
  "kq",
  "lq",
  "mq",
  "nq",
  "oq",
  "pq",
  "qq",
  "rq",
  "sq",
  "tq",
  "uq",
  "vq",
  "wq",
  "xq",
  "yq",
  "zq",
  "Aq",
  "Bq",
  "Cq",
  "Dq",
  "Eq",
  "Fq",
  "Gq",
  "Hq",
  "Iq",
  "Jq",
  "Kq",
  "Lq",
  "Mq",
  "Nq",
  "Oq",
  "Pq",
  "Qq",
  "Rq",
  "Sq",
  "Tq",
  "Uq",
  "Vq",
  "Wq",
  "Xq",
  "Yq",
  "Zq",
  "ar",
  "br",
  "cr",
  "dr",
  "er",
  "fr",
  "gr",
  "hr",
  "ir",
  "jr",
  "kr",
  "lr",
  "mr",
  "nr",
  "or",
  "pr",
  "qr",
  "rr",
  "sr",
  "tr",
  "ur",
  "vr",
  "wr",
  "xr",
  "yr",
  "zr",
  "Ar",
  "Br",
  "Cr",
  "Dr",
  "Er",
  "Fr",
  "Gr",
  "Hr",
  "Ir",
  "Jr",
  "Kr",
  "Lr",
  "Mr",
  "Nr",
  "Or",
  "Pr",
  "Qr",
  "Rr",
  "Sr",
  "Tr",
  "Ur",
  "Vr",
  "Wr",
  "Xr",
  "Yr",
  "Zr",
  "as",
  "bs",
  "cs",
  "ds",
  "es",
  "fs",
  "gs",
  "hs",
  "is",
  "js",
  "ks",
  "ls",
  "ms",
  "ns",
  "os",
  "ps",
  "qs",
  "rs",
  "ss",
  "ts",
  "us",
  "vs",
  "ws",
  "xs",
  "ys",
  "zs",
  "As",
  "Bs",
  "Cs",
  "Ds",
  "Es",
  "Fs",
  "Gs",
  "Hs",
  "Is",
  "Js",
  "Ks",
  "Ls",
  "Ms",
  "Ns",
  "Os",
  "Ps",
  "Qs",
  "Rs",
  "Ss",
  "Ts",
  "Us",
  "Vs",
  "Ws",
  "Xs",
  "Ys",
  "Zs",
  "at",
  "bt",
  "ct",
  "dt",
  "et",
  "ft",
  "gt",
  "ht",
  "it",
  "jt",
  "kt",
  "lt",
  "mt",
  "nt",
  "ot",
  "pt",
  "qt",
  "rt",
  "st",
  "tt",
  "ut",
  "vt",
  "wt",
  "xt",
  "yt",
  "zt",
  "At",
  "Bt",
  "Ct",
  "Dt",
  "Et",
  "Ft",
  "Gt",
  "Ht",
  "It",
  "Jt",
  "Kt",
  "Lt",
  "Mt",
  "Nt",
  "Ot",
  "Pt",
  "Qt",
  "Rt",
  "St",
  "Tt",
  "Ut",
  "Vt",
  "Wt",
  "Xt",
  "Yt",
  "Zt",
  "au",
  "bu",
  "cu",
  "du",
  "eu",
  "fu",
  "gu",
  "hu",
  "iu",
  "ju",
  "ku",
  "lu",
  "mu",
  "nu",
  "ou",
  "pu",
  "qu",
  "ru",
  "su",
  "tu",
  "uu",
  "vu",
  "wu",
  "xu",
  "yu",
  "zu",
  "Au",
  "Bu",
  "Cu",
  "Du",
  "Eu",
  "Fu",
  "Gu",
  "Hu",
  "Iu",
  "Ju",
  "Ku",
  "Lu",
  "Mu",
  "Nu",
  "Ou",
  "Pu",
  "Qu",
  "Ru",
  "Su",
  "Tu",
  "Uu",
  "Vu",
  "Wu",
  "Xu",
  "Yu",
  "Zu",
  "av",
  "bv",
  "cv",
  "dv",
  "ev",
  "fv",
  "gv",
  "hv",
  "iv",
  "jv",
  "kv",
  "lv",
  "mv",
  "nv",
  "ov",
  "pv",
  "qv",
  "rv",
  "sv",
  "tv",
  "uv",
  "vv",
  "wv",
  "xv",
  "yv",
  "zv",
  "Av",
  "Bv",
  "Cv",
  "Dv",
  "Ev",
  "Fv",
  "Gv",
  "Hv",
  "Iv",
  "Jv",
  "Kv",
  "Lv",
  "Mv",
  "Nv",
  "Ov",
  "Pv",
  "Qv",
  "Rv",
  "Sv",
  "Tv",
  "Uv",
  "Vv",
  "Wv",
  "Xv",
  "Yv",
  "Zv",
  "aw",
  "bw",
  "cw",
  "dw",
  "ew",
  "fw",
  "gw",
  "hw",
  "iw",
  "jw",
  "kw",
  "lw",
  "mw",
  "nw",
  "ow",
  "pw",
  "qw",
  "rw",
  "sw",
  "tw",
  "uw",
  "vw",
  "ww",
  "xw",
  "yw",
  "zw",
  "Aw",
  "Bw",
  "Cw",
  "Dw",
  "Ew",
  "Fw",
  "Gw",
  "Hw",
  "Iw",
  "Jw",
  "Kw",
  "Lw",
  "Mw",
  "Nw",
  "Ow",
  "Pw",
  "Qw",
  "Rw",
  "Sw",
  "Tw",
  "Uw",
  "Vw",
  "Ww",
  "Xw",
  "Yw",
  "Zw",
  "ax",
  "bx",
  "cx",
  "dx",
  "ex",
  "fx",
  "gx",
  "hx",
  "ix",
  "jx",
  "kx",
  "lx",
  "mx",
  "nx",
  "ox",
  "px",
  "qx",
  "rx",
  "sx",
  "tx",
  "ux",
  "vx",
  "wx",
  "xx",
  "yx",
  "zx",
  "Ax",
  "Bx",
  "Cx",
  "Dx",
  "Ex",
  "Fx",
  "Gx",
  "Hx",
  "Ix",
  "Jx",
  "Kx",
  "Lx",
  "Mx",
  "Nx",
  "Ox",
  "Px",
  "Qx",
  "Rx",
  "Sx",
  "Tx",
  "Ux",
  "Vx",
  "Wx",
  "Xx",
  "Yx",
  "Zx",
  "ay",
  "by",
  "cy",
  "dy",
  "ey",
  "fy",
  "gy",
  "hy",
  "iy",
  "jy",
  "ky",
  "ly",
  "my",
  "ny",
  "oy",
  "py",
  "qy",
  "ry",
  "sy",
  "ty",
  "uy",
  "vy",
  "wy",
  "xy",
  "yy",
  "zy",
  "Ay",
  "By",
  "Cy",
  "Dy",
  "Ey",
  "Fy",
  "Gy",
  "Hy",
  "Iy",
  "Jy",
  "Ky",
  "Ly",
  "My",
  "Ny",
  "Oy",
  "Py",
  "Qy",
  "Ry",
  "Sy",
  "Ty",
  "Uy",
  "Vy",
  "Wy",
  "Xy",
  "Yy",
  "Zy",
  "az",
  "bz",
  "cz",
  "dz",
  "ez",
  "fz",
  "gz",
  "hz",
  "iz",
  "jz",
  "kz",
  "lz",
  "mz",
  "nz",
  "oz",
  "pz",
  "qz",
  "rz",
  "sz",
  "tz",
  "uz",
  "vz",
  "wz",
  "xz",
  "yz",
  "zz",
  "Az",
  "Bz",
  "Cz",
  "Dz",
  "Ez",
  "Fz",
  "Gz",
  "Hz",
  "Iz",
  "Jz",
  "Kz",
  "Lz",
  "Mz",
  "Nz",
  "Oz",
  "Pz",
  "Qz",
  "Rz",
  "Sz",
  "Tz",
  "Uz",
  "Vz",
  "Wz",
  "Xz",
  "Yz",
  "Zz",
  "aA",
  "bA",
  "cA",
  "dA",
  "eA",
  "gA",
  "hA",
  "iA",
  "jA",
  "kA",
  "lA",
  "mA",
  "nA",
  "oA",
  "pA",
  "qA",
  "rA",
  "sA",
  "tA",
  "uA",
  "vA",
  "wA",
  "xA",
  "yA",
  "zA",
  "AA",
  "BA",
  "CA",
  "DA",
  "EA",
  "GA",
  "HA",
  "IA",
  "JA",
  "KA",
  "LA",
  "MA",
  "NA",
  "OA",
  "PA",
  "QA",
  "RA",
  "SA",
  "TA",
  "UA",
  "VA",
  "WA",
  "XA",
  "YA",
  "ZA",
  "aB",
  "bB",
  "cB",
  "dB",
  "eB",
  "fB",
  "gB",
  "hB",
  "iB",
  "jB",
  "kB",
  "lB",
  "mB",
  "nB",
  "oB",
  "pB",
  "qB",
  "rB",
  "sB",
  "tB",
  "uB",
  "vB",
  "wB",
  "xB",
  "yB",
  "zB",
  "AB",
  "BB",
  "CB",
  "DB",
  "EB",
  "FB",
  "GB",
  "HB",
  "IB",
  "JB",
  "KB",
  "LB",
  "MB",
  "NB",
  "OB",
  "PB",
  "QB",
  "RB",
  "SB",
  "TB",
  "UB",
  "VB",
  "WB",
  "XB",
  "YB",
  "ZB",
  "aC",
  "bC",
  "cC",
  "dC",
  "eC",
  "fC",
  "gC",
  "hC",
  "iC",
  "jC",
  "kC",
  "lC",
  "mC",
  "nC",
  "oC",
  "pC",
  "qC",
  "rC",
  "sC",
  "tC",
  "uC",
  "vC",
  "wC",
  "xC",
  "yC",
  "zC",
  "AC",
  "BC",
  "CC",
  "DC",
  "EC",
  "FC",
  "GC",
  "HC",
  "IC",
  "JC",
  "KC",
  "LC",
  "MC",
  "NC",
  "OC",
  "PC",
  "QC",
  "RC",
  "SC",
  "TC",
  "UC",
  "VC",
  "WC",
  "XC",
  "YC",
  "ZC",
  "bD",
  "cD",
  "dD",
  "eD",
  "fD",
  "gD",
  "hD",
  "iD",
  "jD",
  "kD",
  "lD",
  "mD",
  "nD",
  "oD",
  "pD",
  "qD",
  "rD",
  "sD",
  "tD",
  "uD",
  "vD",
  "wD",
  "xD",
  "yD",
  "zD",
  "BD",
  "CD",
  "DD",
  "ED",
  "FD",
  "GD",
  "HD",
  "ID",
  "JD",
  "KD",
  "LD",
  "MD",
  "ND",
  "OD",
  "PD",
  "QD",
  "RD",
  "SD",
  "TD",
  "UD",
  "VD",
  "WD",
  "XD",
  "YD",
  "ZD",
  "aE",
  "bE",
  "cE",
  "dE",
  "eE",
  "fE",
  "gE",
  "hE",
  "iE",
  "jE",
  "kE",
  "lE",
  "mE",
  "nE",
  "oE",
  "pE",
  "qE",
  "rE",
  "sE",
  "tE",
  "uE",
  "vE",
  "wE",
  "xE",
  "yE",
  "zE",
  "AE",
  "BE",
  "CE",
  "DE",
  "EE",
  "FE",
  "GE",
  "HE",
  "IE",
  "JE",
  "KE",
  "LE",
  "ME",
  "NE",
  "OE",
  "PE",
  "QE",
  "RE",
  "SE",
  "TE",
  "UE",
  "VE",
  "WE",
  "XE",
  "YE",
  "ZE",
  "aF",
  "bF",
  "cF",
  "dF",
  "eF",
  "fF",
  "gF",
  "hF",
  "iF",
  "jF",
  "kF",
  "lF",
  "mF",
  "nF",
  "oF",
  "pF",
  "qF",
  "rF",
  "sF",
  "tF",
  "uF",
  "vF",
  "wF",
  "xF",
  "yF",
  "zF",
  "AF",
  "BF",
  "CF",
  "DF",
  "EF",
  "FF",
  "GF",
  "HF",
  "IF",
  "JF",
  "KF",
  "LF",
  "MF",
  "NF",
  "OF",
  "PF",
  "QF",
  "RF",
  "SF",
  "TF",
  "UF",
  "VF",
  "WF",
  "XF",
  "YF",
  "ZF",
  "aG",
  "bG",
  "cG",
  "dG",
  "eG",
  "fG",
  "gG",
  "hG",
  "iG",
  "jG",
  "kG",
  "lG",
  "mG",
  "nG",
  "oG",
  "pG",
  "qG",
  "rG",
  "sG",
  "tG",
  "uG",
  "vG",
  "wG",
  "xG",
  "yG",
  "zG",
  "AG",
  "BG",
  "CG",
  "DG",
  "EG",
  "FG",
  "GG",
  "HG",
  "IG",
  "JG",
  "KG",
  "LG",
  "MG",
  "NG",
  "OG",
  "PG",
  "QG",
  "RG",
  "SG",
  "TG",
  "UG",
  "VG",
  "WG",
  "XG",
  "YG",
  "ZG",
  "aH",
  "bH",
  "cH",
  "dH",
  "eH",
  "fH",
  "gH",
  "hH",
  "iH",
  "jH",
  "kH",
  "lH",
  "mH",
  "nH",
  "oH",
  "pH",
  "qH",
  "rH",
  "sH",
  "tH",
  "uH",
  "vH",
  "wH",
  "xH",
  "yH",
  "zH",
  "AH",
  "BH",
  "CH",
  "DH",
  "EH",
  "FH",
  "GH",
  "HH",
  "IH",
  "JH",
  "KH",
  "LH",
  "MH",
  "NH",
  "OH",
  "PH",
  "QH",
  "RH",
  "SH",
  "TH",
  "UH",
  "VH",
  "WH",
  "XH",
  "YH",
  "ZH",
  "aI",
  "bI",
  "cI",
  "dI",
  "eI",
  "fI",
  "gI",
  "hI",
  "iI",
  "jI",
  "kI",
  "lI",
  "mI",
  "nI",
  "oI",
  "pI",
  "qI",
  "rI",
  "sI",
  "tI",
  "uI",
  "vI",
  "wI",
  "xI",
  "yI",
  "zI",
  "AI",
  "BI",
  "CI",
  "DI",
  "EI",
  "FI",
  "GI",
  "HI",
  "II",
  "JI",
  "KI",
  "LI",
  "MI",
  "NI",
  "OI",
  "PI",
  "QI",
  "RI",
  "SI",
  "TI",
  "UI",
  "VI",
  "WI",
  "XI",
  "YI",
  "ZI",
  "aJ",
  "bJ",
  "cJ",
  "dJ",
  "eJ",
  "fJ",
  "gJ",
  "hJ",
  "iJ",
  "jJ",
  "kJ",
  "lJ",
  "mJ",
  "nJ",
  "oJ",
  "pJ",
  "qJ",
  "rJ",
  "sJ",
  "tJ",
  "uJ",
  "vJ",
  "wJ",
  "xJ",
  "yJ",
  "zJ",
  "AJ",
  "BJ",
  "CJ",
  "DJ",
  "EJ",
  "FJ",
  "GJ",
  "HJ",
  "IJ",
  "JJ",
  "KJ",
  "LJ",
  "MJ",
  "NJ",
  "OJ",
  "PJ",
  "QJ",
  "RJ",
  "SJ",
  "TJ",
  "UJ",
  "VJ",
  "WJ",
  "XJ",
  "YJ",
  "ZJ",
  "aK",
  "bK",
  "cK",
  "dK",
  "eK",
  "fK",
  "gK",
  "hK",
  "iK",
  "jK",
  "kK",
  "lK",
  "mK",
  "nK",
  "oK",
  "pK",
  "qK",
  "rK",
  "sK",
  "tK",
  "uK",
  "vK",
  "wK",
  "xK",
  "yK",
  "zK",
  "AK",
  "BK",
  "CK",
  "DK",
  "EK",
  "FK",
  "GK",
  "HK",
  "IK",
  "JK",
  "KK",
  "LK",
  "MK",
  "NK",
  "OK",
  "PK",
  "QK",
  "RK",
  "SK",
  "TK",
  "UK",
  "VK",
  "WK",
  "XK",
  "YK",
  "ZK",
  "aL",
  "bL",
  "cL",
  "dL",
  "eL",
  "fL",
  "gL",
  "hL",
  "iL",
  "jL",
  "kL",
  "lL",
  "mL",
  "nL",
  "oL",
  "pL",
  "qL",
  "rL",
  "sL",
  "tL",
  "uL",
  "vL",
  "wL",
  "xL",
  "yL",
  "zL",
  "AL",
  "BL",
  "CL",
  "DL",
  "EL",
  "FL",
  "GL",
  "HL",
  "IL",
  "JL",
  "KL",
  "LL",
  "ML",
  "NL",
  "OL",
  "PL",
  "QL",
  "RL",
  "SL",
  "TL",
  "UL",
  "VL",
  "WL",
  "XL",
  "YL",
  "ZL",
  "aM",
  "bM",
  "cM",
  "dM",
  "eM",
  "fM",
  "gM",
  "hM",
  "iM",
  "jM",
  "kM",
  "lM",
  "mM",
  "nM",
  "oM",
  "pM",
  "qM",
  "rM",
  "sM",
  "tM",
  "uM",
  "vM",
  "wM",
  "xM",
  "yM",
  "zM",
  "AM",
  "BM",
  "CM",
  "DM",
  "EM",
  "FM",
  "GM",
  "HM",
  "IM",
  "JM",
  "KM",
  "LM",
  "MM",
  "NM",
  "OM",
  "PM",
  "QM",
  "RM",
  "SM",
  "TM",
  "UM",
  "VM",
  "WM",
  "XM",
  "YM",
  "ZM",
  "aN",
  "bN",
  "cN",
  "dN",
  "eN",
  "fN",
  "gN",
  "hN",
  "iN",
  "jN",
  "kN",
  "lN",
  "mN",
  "nN",
  "oN",
  "pN",
  "qN",
  "rN",
  "sN",
  "tN",
  "uN",
  "vN",
  "wN",
  "xN",
  "yN",
  "zN",
  "AN",
  "BN",
  "CN",
  "DN",
  "EN",
  "FN",
  "GN",
  "HN",
  "IN",
  "JN",
  "KN",
  "LN",
  "MN",
  "NN",
  "ON",
  "PN",
  "QN",
  "RN",
  "SN",
  "TN",
  "UN",
  "VN",
  "WN",
  "XN",
  "YN",
  "ZN",
  "aO",
  "bO",
  "cO",
  "dO",
  "eO",
  "fO",
  "gO",
  "hO",
  "iO",
  "jO",
  "kO",
  "lO",
  "mO",
  "nO",
  "oO",
  "pO",
  "qO",
  "rO",
  "sO",
  "tO",
  "uO",
  "vO",
  "wO",
  "xO",
  "yO",
  "zO",
  "AO",
  "BO",
  "CO",
  "DO",
  "EO",
  "FO",
  "GO",
  "HO",
  "IO",
  "JO",
  "KO",
  "LO",
  "MO",
  "NO",
  "OO",
  "PO",
  "QO",
  "RO",
  "SO",
  "TO",
  "UO",
  "VO",
  "WO",
  "XO",
  "YO",
  "ZO",
  "aP",
  "bP",
  "cP",
  "dP",
  "eP",
  "fP",
  "gP",
  "hP",
  "iP",
  "jP",
  "kP",
  "lP",
  "mP",
  "nP",
  "oP",
  "pP",
  "qP",
  "rP",
  "sP",
  "tP",
  "uP",
  "vP",
  "wP",
  "xP",
  "yP",
  "zP",
  "AP",
  "BP",
  "CP",
  "DP",
  "EP",
  "FP",
  "GP",
  "HP",
  "IP",
  "JP",
  "KP",
  "LP",
  "MP",
  "NP",
  "OP",
  "PP",
  "QP",
  "RP",
  "SP",
  "TP",
  "UP",
  "VP",
  "WP",
  "XP",
  "YP",
  "ZP",
  "aQ",
  "bQ",
  "cQ",
  "dQ",
  "eQ",
  "fQ",
  "gQ",
  "hQ",
  "iQ",
  "jQ",
  "kQ",
  "lQ",
  "mQ",
  "nQ",
  "oQ",
  "pQ",
  "qQ",
  "rQ",
  "sQ",
  "tQ",
  "uQ",
  "vQ",
  "wQ",
  "xQ",
  "yQ",
  "zQ",
  "AQ",
  "BQ",
  "CQ",
  "DQ",
  "EQ",
  "FQ",
  "GQ",
  "HQ",
  "IQ",
  "JQ",
  "KQ",
  "LQ",
  "MQ",
  "NQ",
  "OQ",
  "PQ",
  "QQ",
  "RQ",
  "SQ",
  "TQ",
  "UQ",
  "VQ",
  "WQ",
  "XQ",
  "YQ",
  "ZQ",
  "aR",
  "bR",
  "cR",
  "dR",
  "eR",
  "fR",
  "gR",
  "hR",
  "iR",
  "jR",
  "kR",
  "lR",
  "mR",
  "nR",
  "oR",
  "pR",
  "qR",
  "rR",
  "sR",
  "tR",
  "uR",
  "vR",
  "wR",
  "xR",
  "yR",
  "zR",
  "AR",
  "BR",
  "CR",
  "DR",
  "ER",
  "FR",
  "GR",
  "HR",
  "IR",
  "JR",
  "KR",
  "LR",
  "MR",
  "NR",
  "OR",
  "PR",
  "QR",
  "RR",
  "SR",
  "TR",
  "UR",
  "VR",
  "WR",
  "XR",
  "YR",
  "ZR",
  "aS",
  "bS",
  "cS",
  "dS",
  "eS",
  "fS",
  "gS",
  "hS",
  "iS",
  "jS",
  "kS",
  "lS",
  "mS",
  "nS",
  "oS",
  "pS",
  "qS",
  "rS",
  "sS",
  "tS",
  "uS",
  "vS",
  "wS",
  "xS",
  "yS",
  "zS",
  "AS",
  "BS",
  "CS",
  "DS",
  "ES",
  "FS",
  "GS",
  "HS",
  "IS",
  "JS",
  "KS",
  "LS",
  "MS",
  "NS",
  "OS",
  "PS",
  "QS",
  "RS",
  "SS",
  "TS",
  "US",
  "VS",
  "WS",
  "XS",
  "YS",
  "ZS",
  "aT",
  "bT",
  "cT",
  "dT",
  "eT",
  "fT",
  "gT",
  "hT",
  "iT",
  "jT",
  "kT",
  "lT",
  "mT",
  "nT",
  "oT",
  "pT",
  "qT",
  "rT",
  "sT",
  "tT",
  "uT",
  "vT",
  "wT",
  "xT",
  "yT",
  "zT",
  "AT",
  "BT",
  "CT",
  "DT",
  "ET",
  "FT",
  "GT",
  "HT",
  "IT",
  "JT",
  "KT",
  "LT",
  "MT",
  "NT",
  "OT",
  "PT",
  "QT",
  "RT",
  "ST",
  "TT",
  "UT",
  "VT",
  "WT",
  "XT",
  "YT",
  "ZT",
  "aU",
  "bU",
  "cU",
  "dU",
  "eU",
  "fU",
  "gU",
  "hU",
  "iU",
  "jU",
  "kU",
  "lU",
  "mU",
  "nU",
  "oU",
  "pU",
  "qU",
  "rU",
  "sU",
  "tU",
  "uU",
  "vU",
  "wU",
  "xU",
  "yU",
  "zU",
  "AU",
  "BU",
  "CU",
  "DU",
  "EU",
  "FU",
  "GU",
  "HU",
  "IU",
  "JU",
  "KU",
  "LU",
  "MU",
  "NU",
  "OU",
  "PU",
  "QU",
  "RU",
  "SU",
  "TU",
  "UU",
  "VU",
  "WU",
  "XU",
  "YU",
  "ZU",
  "aV",
  "bV",
  "cV",
  "dV",
  "eV",
  "fV",
  "gV",
  "hV",
  "iV",
  "jV",
  "kV",
  "lV",
  "mV",
  "nV",
  "oV",
  "pV",
  "qV",
  "rV",
  "sV",
  "tV",
  "uV",
  "vV",
  "wV",
  "xV",
  "yV",
  "zV",
  "AV",
  "BV",
  "CV",
  "DV",
  "EV",
  "FV",
  "GV",
  "HV",
  "IV",
  "JV",
  "KV",
  "LV",
  "MV",
  "NV",
  "OV",
  "PV",
  "QV",
  "RV",
  "SV",
  "TV",
  "UV",
  "VV",
  "WV",
  "XV",
  "YV",
  "ZV",
  "aW",
  "bW",
  "cW",
  "dW",
  "eW",
  "fW",
  "gW",
  "hW",
  "iW",
  "jW",
  "kW",
  "lW",
  "mW",
  "nW",
  "oW",
  "pW",
  "qW",
  "rW",
  "sW",
  "tW",
  "uW",
  "vW",
  "wW",
  "xW",
  "yW",
  "zW",
  "AW",
  "BW",
  "CW",
  "DW",
  "EW",
  "FW",
  "GW",
  "HW",
  "IW",
  "JW",
  "KW",
  "LW",
  "MW",
  "NW",
  "OW",
  "PW",
  "QW",
  "RW",
  "SW",
  "TW",
  "UW",
  "VW",
  "WW",
  "XW",
  "YW",
  "ZW",
  "aXa",
  "bXa",
  "cXa",
  "dXa",
  "eXa",
  "fXa",
  "gXa",
  "hXa",
  "iXa",
  "jXa",
  "kXa",
  "lXa",
  "mXa",
  "nXa",
  "oXa",
  "pXa",
  "qXa",
  "rXa",
  "sXa",
  "tXa",
  "uXa",
  "vXa",
  "wXa",
  "xXa",
  "yXa",
  "zXa",
  "AXa",
  "BXa",
  "CXa",
  "DXa",
  "EXa",
  "FXa",
  "GXa",
  "HXa",
  "IXa",
  "JXa",
  "KXa",
  "LXa",
  "MXa",
  "NXa",
  "OXa",
  "PXa",
  "QXa",
  "RXa",
  "SXa",
  "TXa",
  "UXa",
  "VXa",
  "WXa",
  "XXa",
  "YXa",
  "ZXa",
  "aYa",
  "bYa",
  "cYa",
  "dYa",
  "eYa",
  "fYa",
  "gYa",
  "hYa",
  "iYa",
  "jYa",
  "kYa",
  "lYa",
  "mYa",
  "nYa",
  "oYa",
  "pYa",
  "qYa",
  "rYa",
  "sYa",
  "tYa",
  "uYa",
  "vYa",
  "wYa",
  "xYa",
  "yYa",
  "zYa",
  "AYa",
  "BYa",
  "CYa",
  "DYa",
  "EYa",
  "FYa",
  "GYa",
  "HYa",
  "IYa",
  "JYa",
  "KYa",
  "LYa",
  "MYa",
  "NYa",
  "OYa",
  "PYa",
  "QYa",
  "RYa",
  "SYa",
  "TYa",
  "UYa",
  "VYa",
  "WYa",
  "XYa",
  "YYa",
  "ZYa",
  "aZa",
  "bZa",
  "cZa",
  "dZa",
  "eZa",
  "fZa",
  "gZa",
  "hZa",
  "iZa",
  "jZa",
  "kZa",
  "lZa",
  "mZa",
  "nZa",
  "oZa",
  "pZa",
  "qZa",
  "rZa",
  "sZa",
  "tZa",
  "uZa",
  "vZa",
  "wZa",
  "xZa",
  "yZa",
  "zZa",
  "AZa",
  "BZa",
  "CZa",
  "DZa",
  "EZa",
  "FZa",
  "GZa",
  "HZa",
  "IZa",
  "JZa",
  "KZa",
  "LZa",
  "MZa",
  "NZa",
  "OZa",
  "PZa",
  "QZa",
  "RZa",
  "SZa",
  "TZa",
  "UZa",
  "VZa",
  "WZa",
  "XZa",
  "YZa",
  "ZZa",
  "a0a",
  "b0a",
  "c0a",
  "d0a",
  "e0a",
  "f0a",
  "g0a",
  "h0a",
  "i0a",
  "j0a",
  "k0a",
  "l0a",
  "m0a",
  "n0a",
  "o0a",
  "p0a",
  "q0a",
  "r0a",
  "s0a",
  "t0a",
  "u0a",
  "v0a",
  "w0a",
  "x0a",
  "y0a",
  "z0a",
  "A0a",
  "B0a",
  "C0a",
  "D0a",
  "E0a",
  "F0a",
  "G0a",
  "H0a",
  "I0a",
  "J0a",
  "K0a",
  "L0a",
  "M0a",
  "N0a",
  "O0a",
  "P0a",
  "Q0a",
  "R0a",
  "S0a",
  "T0a",
  "U0a",
  "V0a",
  "W0a",
  "X0a",
  "Y0a",
  "Z0a",
  "a1a",
  "b1a",
  "c1a",
  "d1a",
  "e1a",
  "f1a",
  "g1a",
  "h1a",
  "i1a",
  "j1a",
  "k1a",
  "l1a",
  "m1a",
  "n1a",
  "o1a",
  "p1a",
  "q1a",
  "r1a",
  "s1a",
  "t1a",
  "u1a",
  "v1a",
  "w1a",
  "x1a",
  "y1a",
  "z1a",
  "A1a",
  "B1a",
  "C1a",
  "D1a",
  "E1a",
  "F1a",
  "G1a",
  "H1a",
  "I1a",
  "J1a",
  "K1a",
  "L1a",
  "M1a",
  "N1a",
  "O1a",
  "P1a",
  "Q1a",
  "R1a",
  "S1a",
  "T1a",
  "U1a",
  "V1a",
  "W1a",
  "X1a",
  "Y1a",
  "Z1a",
  "a2a",
  "b2a",
  "c2a",
  "d2a",
  "e2a",
  "f2a",
  "g2a",
  "h2a",
  "i2a",
  "j2a",
  "k2a",
  "l2a",
  "m2a",
  "n2a",
  "o2a",
  "p2a",
  "q2a",
  "r2a",
  "s2a",
  "t2a",
  "u2a",
  "v2a",
  "w2a",
  "x2a",
  "y2a",
  "z2a",
  "A2a",
  "B2a",
  "C2a",
  "D2a",
  "E2a",
  "F2a",
  "G2a",
  "H2a",
  "I2a",
  "J2a",
  "K2a",
  "L2a",
  "M2a",
  "N2a",
  "O2a",
  "P2a",
  "Q2a",
  "R2a",
  "S2a",
  "T2a",
  "U2a",
  "V2a",
  "W2a",
  "X2a",
  "Y2a",
  "Z2a",
  "a3a",
  "b3a",
  "c3a",
  "d3a",
  "e3a",
  "f3a",
  "g3a",
  "h3a",
  "i3a",
  "j3a",
  "k3a",
  "l3a",
  "m3a",
  "n3a",
  "o3a",
  "p3a",
  "q3a",
  "r3a",
  "s3a",
  "t3a",
  "u3a",
  "v3a",
  "w3a",
  "x3a",
  "y3a",
  "z3a",
  "A3a",
  "B3a",
  "C3a",
  "D3a",
  "E3a",
  "F3a",
  "G3a",
  "H3a",
  "I3a",
  "J3a",
  "K3a",
  "L3a",
  "M3a",
  "N3a",
  "O3a",
  "P3a",
  "Q3a",
  "R3a",
  "S3a",
  "T3a",
  "U3a",
  "V3a",
  "W3a",
  "X3a",
  "Y3a",
  "Z3a",
  "a4a",
  "b4a",
  "c4a",
  "d4a",
  "e4a",
  "f4a",
  "g4a",
  "h4a",
  "i4a",
  "j4a",
  "k4a",
  "l4a",
  "m4a",
  "n4a",
  "o4a",
  "p4a",
  "q4a",
  "r4a",
  "s4a",
  "t4a",
  "u4a",
  "v4a",
  "w4a",
  "x4a",
  "y4a",
  "z4a",
  "A4a",
  "B4a",
  "C4a",
  "D4a",
  "E4a",
  "F4a",
  "G4a",
  "H4a",
  "I4a",
  "J4a",
  "K4a",
  "L4a",
  "M4a",
  "N4a",
  "O4a",
  "P4a",
  "Q4a",
  "R4a",
  "S4a",
  "T4a",
  "U4a",
  "V4a",
  "W4a",
  "X4a",
  "Y4a",
  "Z4a",
  "a5a",
  "b5a",
  "c5a",
  "d5a",
  "e5a",
  "f5a",
  "g5a",
  "h5a",
  "i5a",
  "j5a",
  "k5a",
  "l5a",
  "m5a",
  "n5a",
  "o5a",
  "p5a",
  "q5a",
  "r5a",
  "s5a",
  "t5a",
  "u5a",
  "v5a",
  "w5a",
  "x5a",
  "y5a",
  "z5a",
  "A5a",
  "B5a",
  "C5a",
  "D5a",
  "E5a",
  "F5a",
  "G5a",
  "H5a",
  "I5a",
  "J5a",
  "K5a",
  "L5a",
  "M5a",
  "N5a",
  "O5a",
  "P5a",
  "Q5a",
  "R5a",
  "S5a",
  "T5a",
  "U5a",
  "V5a",
  "W5a",
  "X5a",
  "Y5a",
  "Z5a",
  "a6a",
  "b6a",
  "c6a",
  "d6a",
  "e6a",
  "f6a",
  "g6a",
  "h6a",
  "i6a",
  "j6a",
  "k6a",
  "l6a",
  "m6a",
  "n6a",
  "o6a",
  "p6a",
  "q6a",
  "r6a",
  "s6a",
  "t6a",
  "u6a",
  "v6a",
  "w6a",
  "x6a",
  "y6a",
  "z6a",
  "A6a",
  "B6a",
  "C6a",
  "D6a",
  "E6a",
  "F6a",
  "G6a",
  "H6a",
  "I6a",
  "J6a",
  "K6a",
  "L6a",
  "M6a",
  "N6a",
  "O6a",
  "P6a",
  "Q6a",
  "R6a",
  "S6a",
  "T6a",
  "U6a",
  "V6a",
  "W6a",
  "X6a",
  "Y6a",
  "Z6a",
  "a7a",
  "b7a",
  "c7a",
  "d7a",
  "e7a",
  "f7a",
  "g7a",
  "h7a",
  "i7a",
  "j7a",
  "k7a",
  "l7a",
  "m7a",
  "n7a",
  "o7a",
  "p7a",
  "q7a",
  "r7a",
  "s7a",
  "t7a",
  "u7a",
  "v7a",
  "w7a",
  "x7a",
  "y7a",
  "z7a",
  "A7a",
  "B7a",
  "C7a",
  "D7a",
  "E7a",
  "F7a",
  "G7a",
  "H7a",
  "I7a",
  "J7a",
  "K7a",
  "L7a",
  "M7a",
  "N7a",
  "O7a",
  "P7a",
  "Q7a",
  "R7a",
  "S7a",
  "T7a",
  "U7a",
  "V7a",
  "W7a",
  "X7a",
  "Y7a",
  "Z7a",
  "a8a",
  "b8a",
  "c8a",
  "d8a",
  "e8a",
  "f8a",
  "g8a",
  "h8a",
  "i8a",
  "j8a",
  "k8a",
  "l8a",
  "m8a",
  "n8a",
  "o8a",
  "p8a",
  "q8a",
  "r8a",
  "s8a",
  "t8a",
  "u8a",
  "v8a",
  "w8a",
  "x8a",
  "y8a",
  "z8a",
  "A8a",
  "B8a",
  "C8a",
  "D8a",
  "E8a",
  "F8a",
  "G8a",
  "H8a",
  "I8a",
  "J8a",
  "K8a",
  "L8a",
  "M8a",
  "N8a",
  "O8a",
  "P8a",
  "Q8a",
  "R8a",
  "S8a",
  "T8a",
  "U8a",
  "V8a",
  "W8a",
  "X8a",
  "Y8a",
  "Z8a",
  "a9a",
  "b9a",
  "c9a",
  "d9a",
  "e9a",
  "f9a",
  "g9a",
  "h9a",
  "i9a",
  "j9a",
  "k9a",
  "l9a",
  "m9a",
  "n9a",
  "o9a",
  "p9a",
  "q9a",
  "r9a",
  "s9a",
  "t9a",
  "u9a",
  "v9a",
  "w9a",
  "x9a",
  "y9a",
  "z9a",
  "A9a",
  "B9a",
  "C9a",
  "D9a",
  "E9a",
  "F9a",
  "G9a",
  "H9a",
  "I9a",
  "J9a",
  "K9a",
  "L9a",
  "M9a",
  "N9a",
  "O9a",
  "P9a",
  "Q9a",
  "R9a",
  "S9a",
  "T9a",
  "U9a",
  "V9a",
  "W9a",
  "X9a",
  "Y9a",
  "Z9a",
  "aab",
  "bab",
  "cab",
  "dab",
  "eab",
  "gab",
  "hab",
  "iab",
  "jab",
  "kab",
  "lab",
  "mab",
  "nab",
  "oab",
  "pab",
  "qab",
  "rab",
  "sab",
  "tab",
  "uab",
  "vab",
  "wab",
  "xab",
  "yab",
  "zab",
  "Aab",
  "Bab",
  "Cab",
  "Dab",
  "Eab",
  "Gab",
  "Hab",
  "Iab",
  "Jab",
  "Kab",
  "Lab",
  "Mab",
  "Nab",
  "Oab",
  "Pab",
  "Qab",
  "Rab",
  "Sab",
  "Tab",
  "Uab",
  "Vab",
  "Wab",
  "Xab",
  "Yab",
  "Zab",
  "abb",
  "bbb",
  "cbb",
  "dbb",
  "ebb",
  "fbb",
  "gbb",
  "hbb",
  "ibb",
  "jbb",
  "kbb",
  "lbb",
  "mbb",
  "nbb",
  "obb",
  "pbb",
  "qbb",
  "rbb",
  "sbb",
  "tbb",
  "ubb",
  "vbb",
  "wbb",
  "xbb",
  "ybb",
  "zbb",
  "Abb",
  "Bbb",
  "Cbb",
  "Dbb",
  "Ebb",
  "Fbb",
  "Gbb",
  "Hbb",
  "Ibb",
  "Jbb",
  "Kbb",
  "Lbb",
  "Mbb",
  "Nbb",
  "Obb",
  "Pbb",
  "Qbb",
  "Rbb",
  "Sbb",
  "Tbb",
  "Ubb",
  "Vbb",
  "Wbb",
  "Xbb",
  "Ybb",
  "Zbb",
  "acb",
  "bcb",
  "ccb",
  "dcb",
  "ecb",
  "fcb",
  "gcb",
  "hcb",
  "icb",
  "jcb",
  "kcb",
  "lcb",
  "mcb",
  "ncb",
  "ocb",
  "pcb",
  "qcb",
  "rcb",
  "scb",
  "tcb",
  "ucb",
  "vcb",
  "wcb",
  "xcb",
  "ycb",
  "zcb",
  "Acb",
  "Bcb",
  "Ccb",
  "Dcb",
  "Ecb",
  "Fcb",
  "Gcb",
  "Hcb",
  "Icb",
  "Jcb",
  "Kcb",
  "Lcb",
  "Mcb",
  "Ncb",
  "Ocb",
  "Pcb",
  "Qcb",
  "Rcb",
  "Scb",
  "Tcb",
  "Ucb",
  "Vcb",
  "Wcb",
  "Xcb",
  "Ycb",
  "Zcb",
  "bdb",
  "cdb",
  "ddb",
  "edb",
  "fdb",
  "gdb",
  "hdb",
  "idb",
  "jdb",
  "kdb",
  "ldb",
  "mdb",
  "ndb",
  "odb",
  "pdb",
  "qdb",
  "rdb",
  "sdb",
  "tdb",
  "udb",
  "vdb",
  "wdb",
  "xdb",
  "ydb",
  "zdb",
  "Bdb",
  "Cdb",
  "Ddb",
  "Edb",
  "Fdb",
  "Gdb",
  "Hdb",
  "Idb",
  "Jdb",
  "Kdb",
  "Ldb",
  "Mdb",
  "Ndb",
  "Odb",
  "Pdb",
  "Qdb",
  "Rdb",
  "Sdb",
  "Tdb",
  "Udb",
  "Vdb",
  "Wdb",
  "Xdb",
  "Ydb",
  "Zdb",
  "aeb",
  "beb",
  "ceb",
  "deb",
  "eeb",
  "feb",
  "geb",
  "heb",
  "ieb",
  "jeb",
  "keb",
  "leb",
  "meb",
  "neb",
  "oeb",
  "peb",
  "qeb",
  "reb",
  "seb",
  "teb",
  "ueb",
  "veb",
  "web",
  "xeb",
  "yeb",
  "zeb",
  "Aeb",
  "Beb",
  "Ceb",
  "Deb",
  "Eeb",
  "Feb",
  "Geb",
  "Heb",
  "Ieb",
  "Jeb",
  "Keb",
  "Leb",
  "Meb",
  "Neb",
  "Oeb",
  "Peb",
  "Qeb",
  "Reb",
  "Seb",
  "Teb",
  "Ueb",
  "Veb",
  "Web",
  "Xeb",
  "Yeb",
  "Zeb",
  "afb",
  "bfb",
  "cfb",
  "dfb",
  "efb",
  "ffb",
  "gfb",
  "hfb",
  "ifb",
  "jfb",
  "kfb",
  "lfb",
  "mfb",
  "nfb",
  "ofb",
  "pfb",
  "qfb",
  "rfb",
  "sfb",
  "tfb",
  "ufb",
  "vfb",
  "wfb",
  "xfb",
  "yfb",
  "zfb",
  "Afb",
  "Bfb",
  "Cfb",
  "Dfb",
  "Efb",
  "Ffb",
  "Gfb",
  "Hfb",
  "Ifb",
  "Jfb",
  "Kfb",
  "Lfb",
  "Mfb",
  "Nfb",
  "Ofb",
  "Pfb",
  "Qfb",
  "Rfb",
  "Sfb",
  "Tfb",
  "Ufb",
  "Vfb",
  "Wfb",
  "Xfb",
  "Yfb",
  "Zfb",
  "agb",
  "bgb",
  "cgb",
  "dgb",
  "egb",
  "fgb",
  "ggb",
  "hgb",
  "igb",
  "jgb",
  "kgb",
  "lgb",
  "mgb",
  "ngb",
  "ogb",
  "pgb",
  "qgb",
  "rgb",
  "sgb",
  "tgb",
  "ugb",
  "vgb",
  "wgb",
  "xgb",
  "ygb",
  "zgb",
  "Agb",
  "Bgb",
  "Cgb",
  "Dgb",
  "Egb",
  "Fgb",
  "Ggb",
  "Hgb",
  "Igb",
  "Jgb",
  "Kgb",
  "Lgb",
  "Mgb",
  "Ngb",
  "Ogb",
  "Pgb",
  "Qgb",
  "Rgb",
  "Sgb",
  "Tgb",
  "Ugb",
  "Vgb",
  "Wgb",
  "Xgb",
  "Ygb",
  "Zgb",
  "ahb",
  "bhb",
  "chb",
  "dhb",
  "ehb",
  "fhb",
  "ghb",
  "hhb",
  "ihb",
  "jhb",
  "khb",
  "lhb",
  "mhb",
  "nhb",
  "ohb",
  "phb",
  "qhb",
  "rhb",
  "shb",
  "thb",
  "uhb",
  "vhb",
  "whb",
  "xhb",
  "yhb",
  "zhb",
  "Ahb",
  "Bhb",
  "Chb",
  "Dhb",
  "Ehb",
  "Fhb",
  "Ghb",
  "Hhb",
  "Ihb",
  "Jhb",
  "Khb",
  "Lhb",
  "Mhb",
  "Nhb",
  "Ohb",
  "Phb",
  "Qhb",
  "Rhb",
  "Shb",
  "Thb",
  "Uhb",
  "Vhb",
  "Whb",
  "Xhb",
  "Yhb",
  "Zhb",
  "aib",
  "bib",
  "cib",
  "dib",
  "eib",
  "fib",
  "gib",
  "hib",
  "iib",
  "jib",
  "kib",
  "lib",
  "mib",
  "nib",
  "oib",
  "pib",
  "qib",
  "rib",
  "sib",
  "tib",
  "uib",
  "vib",
  "wib",
  "xib",
  "yib",
  "zib",
  "Aib",
  "Bib",
  "Cib",
  "Dib",
  "Eib",
  "Fib",
  "Gib",
  "Hib",
  "Iib",
  "Jib",
  "Kib",
  "Lib",
  "Mib",
  "Nib",
  "Oib",
  "Pib",
  "Qib",
  "Rib",
  "Sib",
  "Tib",
  "Uib",
  "Vib",
  "Wib",
  "Xib",
  "Yib",
  "Zib",
  "ajb",
  "bjb",
  "cjb",
  "djb",
  "ejb",
  "fjb",
  "gjb",
  "hjb",
  "ijb",
  "jjb",
  "kjb",
  "ljb",
  "mjb",
  "njb",
  "ojb",
  "pjb",
  "qjb",
  "rjb",
  "sjb",
  "tjb",
  "ujb",
  "vjb",
  "wjb",
  "xjb",
  "yjb",
  "zjb",
  "Ajb",
  "Bjb",
  "Cjb",
  "Djb",
  "Ejb",
  "Fjb",
  "Gjb",
  "Hjb",
  "Ijb",
  "Jjb",
  "Kjb",
  "Ljb",
  "Mjb",
  "Njb",
  "Ojb",
  "Pjb",
  "Qjb",
  "Rjb",
  "Sjb",
  "Tjb",
  "Ujb",
  "Vjb",
  "Wjb",
  "Xjb",
  "Yjb",
  "Zjb",
  "akb",
  "bkb",
  "ckb",
  "dkb",
  "ekb",
  "fkb",
  "gkb",
  "hkb",
  "ikb",
  "jkb",
  "kkb",
  "lkb",
  "mkb",
  "nkb",
  "okb",
  "pkb",
  "qkb",
  "rkb",
  "skb",
  "tkb",
  "ukb",
  "vkb",
  "wkb",
  "xkb",
  "ykb",
  "zkb",
  "Akb",
  "Bkb",
  "Ckb",
  "Dkb",
  "Ekb",
  "Fkb",
  "Gkb",
  "Hkb",
  "Ikb",
  "Jkb",
  "Kkb",
  "Lkb",
  "Mkb",
  "Nkb",
  "Okb",
  "Pkb",
  "Qkb",
  "Rkb",
  "Skb",
  "Tkb",
  "Ukb",
  "Vkb",
  "Wkb",
  "Xkb",
  "Ykb",
  "Zkb",
  "alb",
  "blb",
  "clb",
  "dlb",
  "elb",
  "flb",
  "glb",
  "hlb",
  "ilb",
  "jlb",
  "klb",
  "llb",
  "mlb",
  "nlb",
  "olb",
  "plb",
  "qlb",
  "rlb",
  "slb",
  "tlb",
  "ulb",
  "vlb",
  "wlb",
  "xlb",
  "ylb",
  "zlb",
  "Alb",
  "Blb",
  "Clb",
  "Dlb",
  "Elb",
  "Flb",
  "Glb",
  "Hlb",
  "Ilb",
  "Jlb",
  "Klb",
  "Llb",
  "Mlb",
  "Nlb",
  "Olb",
  "Plb",
  "Qlb",
  "Rlb",
  "Slb",
  "Tlb",
  "Ulb",
  "Vlb",
  "Wlb",
  "Xlb",
  "Ylb",
  "Zlb",
  "amb",
  "bmb",
  "cmb",
  "dmb",
  "emb",
  "fmb",
  "gmb",
  "hmb",
  "imb",
  "jmb",
  "kmb",
  "lmb",
  "mmb",
  "nmb",
  "omb",
  "pmb",
  "qmb",
  "rmb",
  "smb",
  "tmb",
  "umb",
  "vmb",
  "wmb",
  "xmb",
  "ymb",
  "zmb",
  "Amb",
  "Bmb",
  "Cmb",
  "Dmb",
  "Emb",
  "Fmb",
  "Gmb",
  "Hmb",
  "Imb",
  "Jmb",
  "Kmb",
  "Lmb",
  "Mmb",
  "Nmb",
  "Omb",
  "Pmb",
  "Qmb",
  "Rmb",
  "Smb",
  "Tmb",
  "Umb",
  "Vmb",
  "Wmb",
  "Xmb",
  "Ymb",
  "Zmb",
  "anb",
  "bnb",
  "cnb",
  "dnb",
  "enb",
  "fnb",
  "gnb",
  "hnb",
  "inb",
  "jnb",
  "knb",
  "lnb",
  "mnb",
  "nnb",
  "onb",
  "pnb",
  "qnb",
  "rnb",
  "snb",
  "tnb",
  "unb",
  "vnb",
  "wnb",
  "xnb",
  "ynb",
  "znb",
  "Anb",
  "Bnb",
  "Cnb",
  "Dnb",
  "Enb",
  "Fnb",
  "Gnb",
  "Hnb",
  "Inb",
  "Jnb",
  "Knb",
  "Lnb",
  "Mnb",
  "Nnb",
  "Onb",
  "Pnb",
  "Qnb",
  "Rnb",
  "Snb",
  "Tnb",
  "Unb",
  "Vnb",
  "Wnb",
  "Xnb",
  "Ynb",
  "Znb",
  "aob",
  "bob",
  "cob",
  "dob",
  "eob",
  "fob",
  "gob",
  "hob",
  "iob",
  "job",
  "kob",
  "lob",
  "mob",
  "nob",
  "oob",
  "pob",
  "qob",
  "rob",
  "sob",
  "tob",
  "uob",
  "vob",
  "wob",
  "xob",
  "yob",
  "zob",
  "Aob",
  "Bob",
  "Cob",
  "Dob",
  "Eob",
  "Fob",
  "Gob",
  "Hob",
  "Iob",
  "Job",
  "Kob",
  "Lob",
  "Mob",
  "Nob",
  "Oob",
  "Pob",
  "Qob",
  "Rob",
  "Sob",
  "Tob",
  "Uob",
  "Vob",
  "Wob",
  "Xob",
  "Yob",
  "Zob",
  "apb",
  "bpb",
  "cpb",
  "dpb",
  "epb",
  "fpb",
  "gpb",
  "hpb",
  "ipb",
  "jpb",
  "kpb",
  "lpb",
  "mpb",
  "npb",
  "opb",
  "ppb",
  "qpb",
  "rpb",
  "spb",
  "tpb",
  "upb",
  "vpb",
  "wpb",
  "xpb",
  "ypb",
  "zpb",
  "Apb",
  "Bpb",
  "Cpb",
  "Dpb",
  "Epb",
  "Fpb",
  "Gpb",
  "Hpb",
  "Ipb",
  "Jpb",
  "Kpb",
  "Lpb",
  "Mpb",
  "Npb",
  "Opb",
  "Ppb",
  "Qpb",
  "Rpb",
  "Spb",
  "Tpb",
  "Upb",
  "Vpb",
  "Wpb",
  "Xpb",
  "Ypb",
  "Zpb",
  "aqb",
  "bqb",
  "cqb",
  "dqb",
  "eqb",
  "fqb",
  "gqb",
  "hqb",
  "iqb",
  "jqb",
  "kqb",
  "lqb",
  "mqb",
  "nqb",
  "oqb",
  "pqb",
  "qqb",
  "rqb",
  "sqb",
  "tqb",
  "uqb",
  "vqb",
  "wqb",
  "xqb",
  "yqb",
  "zqb",
  "Aqb",
  "Bqb",
  "Cqb",
  "Dqb",
  "Eqb",
  "Fqb",
  "Gqb",
  "Hqb",
  "Iqb",
  "Jqb",
  "Kqb",
  "Lqb",
  "Mqb",
  "Nqb",
  "Oqb",
  "Pqb",
  "Qqb",
  "Rqb",
  "Sqb",
  "Tqb",
  "Uqb",
  "Vqb",
  "Wqb",
  "Xqb",
  "Yqb",
  "Zqb",
  "arb",
  "brb",
  "crb",
  "drb",
  "erb",
  "frb",
  "grb",
  "hrb",
  "irb",
  "jrb",
  "krb",
  "lrb",
  "mrb",
  "nrb",
  "orb",
  "prb",
  "qrb",
  "rrb",
  "srb",
  "trb",
  "urb",
  "vrb",
  "wrb",
  "xrb",
  "yrb",
  "zrb",
  "Arb",
  "Brb",
  "Crb",
  "Drb",
  "Erb",
  "Frb",
  "Grb",
  "Hrb",
  "Irb",
  "Jrb",
  "Krb",
  "Lrb",
  "Mrb",
  "Nrb",
  "Orb",
  "Prb",
  "Qrb",
  "Rrb",
  "Srb",
  "Trb",
  "Urb",
  "Vrb",
  "Wrb",
  "Xrb",
  "Yrb",
  "Zrb",
  "asb",
  "bsb",
  "csb",
  "dsb",
  "esb",
  "fsb",
  "gsb",
  "hsb",
  "isb",
  "jsb",
  "ksb",
  "lsb",
  "msb",
  "nsb",
  "osb",
  "psb",
  "qsb",
  "rsb",
  "ssb",
  "tsb",
  "usb",
  "vsb",
  "wsb",
  "xsb",
  "ysb",
  "zsb",
  "Asb",
  "Bsb",
  "Csb",
  "Dsb",
  "Esb",
  "Fsb",
  "Gsb",
  "Hsb",
  "Isb",
  "Jsb",
  "Ksb",
  "Lsb",
  "Msb",
  "Nsb",
  "Osb",
  "Psb",
  "Qsb",
  "Rsb",
  "Ssb",
  "Tsb",
  "Usb",
  "Vsb",
  "Wsb",
  "Xsb",
  "Ysb",
  "Zsb",
  "atb",
  "btb",
  "ctb",
  "dtb",
  "etb",
  "ftb",
  "gtb",
  "htb",
  "itb",
  "jtb",
  "ktb",
  "ltb",
  "mtb",
  "ntb",
  "otb",
  "ptb",
  "qtb",
  "rtb",
  "stb",
  "ttb",
  "utb",
  "vtb",
  "wtb",
  "xtb",
  "ytb",
  "ztb",
  "Atb",
  "Btb",
  "Ctb",
  "Dtb",
  "Etb",
  "Ftb",
  "Gtb",
  "Htb",
  "Itb",
  "Jtb",
  "Ktb",
  "Ltb",
  "Mtb",
  "Ntb",
  "Otb",
  "Ptb",
  "Qtb",
  "Rtb",
  "Stb",
  "Ttb",
  "Utb",
  "Vtb",
  "Wtb",
  "Xtb",
  "Ytb",
  "Ztb",
  "aub",
  "bub",
  "cub",
  "dub",
  "eub",
  "fub",
  "gub",
  "hub",
  "iub",
  "jub",
  "kub",
  "lub",
  "mub",
  "nub",
  "oub",
  "pub",
  "qub",
  "rub",
  "sub",
  "tub",
  "uub",
  "vub",
  "wub",
  "xub",
  "yub",
  "zub",
  "Aub",
  "Bub",
  "Cub",
  "Dub",
  "Eub",
  "Fub",
  "Gub",
  "Hub",
  "Iub",
  "Jub",
  "Kub",
  "Lub",
  "Mub",
  "Nub",
  "Oub",
  "Pub",
  "Qub",
  "Rub",
  "Sub",
  "Tub",
  "Uub",
  "Vub",
  "Wub",
  "Xub",
  "Yub",
  "Zub",
  "avb",
  "bvb",
  "cvb",
  "dvb",
  "evb",
  "fvb",
  "gvb",
  "hvb",
  "ivb",
  "jvb",
  "kvb",
  "lvb",
  "mvb",
  "nvb",
  "ovb",
  "pvb",
  "qvb",
  "rvb",
  "svb",
  "tvb",
  "uvb",
  "vvb",
  "wvb",
  "xvb",
  "yvb",
  "zvb",
  "Avb",
  "Bvb",
  "Cvb",
  "Dvb",
  "Evb",
  "Fvb",
  "Gvb",
  "Hvb",
  "Ivb",
  "Jvb",
  "Kvb",
  "Lvb",
  "Mvb",
  "Nvb",
  "Ovb",
  "Pvb",
  "Qvb",
  "Rvb",
  "Svb",
  "Tvb",
  "Uvb",
  "Vvb",
  "Wvb",
  "Xvb",
  "Yvb",
  "Zvb",
  "awb",
  "bwb",
  "cwb",
  "dwb",
  "ewb",
  "fwb",
  "gwb",
  "hwb",
  "iwb",
  "jwb",
  "kwb",
  "lwb",
  "mwb",
  "nwb",
  "owb",
  "pwb",
  "qwb",
  "rwb",
  "swb",
  "twb",
  "uwb",
  "vwb",
  "wwb",
  "xwb",
  "ywb",
  "zwb",
  "Awb",
  "Bwb",
  "Cwb",
  "Dwb",
  "Ewb",
  "Fwb",
  "Gwb",
  "Hwb",
  "Iwb",
  "Jwb",
  "Kwb",
  "Lwb",
  "Mwb",
  "Nwb",
  "Owb",
  "Pwb",
  "Qwb",
  "Rwb",
  "Swb",
  "Twb",
  "Uwb",
  "Vwb",
  "Wwb",
  "Xwb",
  "Ywb",
  "Zwb",
  "axb",
  "bxb",
  "cxb",
  "dxb",
  "exb",
  "fxb",
  "gxb",
  "hxb",
  "ixb",
  "jxb",
  "kxb",
  "lxb",
  "mxb",
  "nxb",
  "oxb",
  "pxb",
  "qxb",
  "rxb",
  "sxb",
  "txb",
  "uxb",
  "vxb",
  "wxb",
  "xxb",
  "yxb",
  "zxb",
  "Axb",
  "Bxb",
  "Cxb",
  "Dxb",
  "Exb",
  "Fxb",
  "Gxb",
  "Hxb",
  "Ixb",
  "Jxb",
  "Kxb",
  "Lxb",
  "Mxb",
  "Nxb",
  "Oxb",
  "Pxb",
  "Qxb",
  "Rxb",
  "Sxb",
  "Txb",
  "Uxb",
  "Vxb",
  "Wxb",
  "Xxb",
  "Yxb",
  "Zxb",
  "ayb",
  "byb",
  "cyb",
  "dyb",
  "eyb",
  "fyb",
  "gyb",
  "hyb",
  "iyb",
  "jyb",
  "kyb",
  "lyb",
  "myb",
  "nyb",
  "oyb",
  "pyb",
  "qyb",
  "ryb",
  "syb",
  "tyb",
  "uyb",
  "vyb",
  "wyb",
  "xyb",
  "yyb",
  "zyb",
  "Ayb",
  "Byb",
  "Cyb",
  "Dyb",
  "Eyb",
  "Fyb",
  "Gyb",
  "Hyb",
  "Iyb",
  "Jyb",
  "Kyb",
  "Lyb",
  "Myb",
  "Nyb",
  "Oyb",
  "Pyb",
  "Qyb",
  "Ryb",
  "Syb",
  "Tyb",
  "Uyb",
  "Vyb",
  "Wyb",
  "Xyb",
  "Yyb",
  "Zyb",
  "azb",
  "bzb",
  "czb",
  "dzb",
  "ezb",
  "fzb",
  "gzb",
  "hzb",
  "izb",
  "jzb",
  "kzb",
  "lzb",
  "mzb",
  "nzb",
  "ozb",
  "pzb",
  "qzb",
  "rzb",
  "szb",
  "tzb",
  "uzb",
  "vzb",
  "wzb",
  "xzb",
  "yzb",
  "zzb",
  "Azb",
  "Bzb",
  "Czb",
  "Dzb",
  "Ezb",
  "Fzb",
  "Gzb",
  "Hzb",
  "Izb",
  "Jzb",
  "Kzb",
  "Lzb",
  "Mzb",
  "Nzb",
  "Ozb",
  "Pzb",
  "Qzb",
  "Rzb",
  "Szb",
  "Tzb",
  "Uzb",
  "Vzb",
  "Wzb",
  "Xzb",
  "Yzb",
  "Zzb",
  "aAb",
  "bAb",
  "cAb",
  "dAb",
  "eAb",
  "gAb",
  "hAb",
  "iAb",
  "jAb",
  "kAb",
  "lAb",
  "mAb",
  "nAb",
  "oAb",
  "pAb",
  "qAb",
  "rAb",
  "sAb",
  "tAb",
  "uAb",
  "vAb",
  "wAb",
  "xAb",
  "yAb",
  "zAb",
  "AAb",
  "BAb",
  "CAb",
  "DAb",
  "EAb",
  "GAb",
  "HAb",
  "IAb",
  "JAb",
  "KAb",
  "LAb",
  "MAb",
  "NAb",
  "OAb",
  "PAb",
  "QAb",
  "RAb",
  "SAb",
  "TAb",
  "UAb",
  "VAb",
  "WAb",
  "XAb",
  "YAb",
  "ZAb",
  "aBb",
  "bBb",
  "cBb",
  "dBb",
  "eBb",
  "fBb",
  "gBb",
  "hBb",
  "iBb",
  "jBb",
  "kBb",
  "lBb",
  "mBb",
  "nBb",
  "oBb",
  "pBb",
  "qBb",
  "rBb",
  "sBb",
  "tBb",
  "uBb",
  "vBb",
  "wBb",
  "xBb",
  "yBb",
  "zBb",
  "ABb",
  "BBb",
  "CBb",
  "DBb",
  "EBb",
  "FBb",
  "GBb",
  "HBb",
  "IBb",
  "JBb",
  "KBb",
  "LBb",
  "MBb",
  "NBb",
  "OBb",
  "PBb",
  "QBb",
  "RBb",
  "SBb",
  "TBb",
  "UBb",
  "VBb",
  "WBb",
  "XBb",
  "YBb",
  "ZBb",
  "aCb",
  "bCb",
  "cCb",
  "dCb",
  "eCb",
  "fCb",
  "gCb",
  "hCb",
  "iCb",
  "jCb",
  "kCb",
  "lCb",
  "mCb",
  "nCb",
  "oCb",
  "pCb",
  "qCb",
  "rCb",
  "sCb",
  "tCb",
  "uCb",
  "vCb",
  "wCb",
  "xCb",
  "yCb",
  "zCb",
  "ACb",
  "BCb",
  "CCb",
  "DCb",
  "ECb",
  "FCb",
  "GCb",
  "HCb",
  "ICb",
  "JCb",
  "KCb",
  "LCb",
  "MCb",
  "NCb",
  "OCb",
  "PCb",
  "QCb",
  "RCb",
  "SCb",
  "TCb",
  "UCb",
  "VCb",
  "WCb",
  "XCb",
  "YCb",
  "ZCb",
  "bDb",
  "cDb",
  "dDb",
  "eDb",
  "fDb",
  "gDb",
  "hDb",
  "iDb",
  "jDb",
  "kDb",
  "lDb",
  "mDb",
  "nDb",
  "oDb",
  "pDb",
  "qDb",
  "rDb",
  "sDb",
  "tDb",
  "uDb",
  "vDb",
  "wDb",
  "xDb",
  "yDb",
  "zDb",
  "BDb",
  "CDb",
  "DDb",
  "EDb",
  "FDb",
  "GDb",
  "HDb",
  "IDb",
  "JDb",
  "KDb",
  "LDb",
  "MDb",
  "NDb",
  "ODb",
  "PDb",
  "QDb",
  "RDb",
  "SDb",
  "TDb",
  "UDb",
  "VDb",
  "WDb",
  "XDb",
  "YDb",
  "ZDb",
  "aEb",
  "bEb",
  "cEb",
  "dEb",
  "eEb",
  "fEb",
  "gEb",
  "hEb",
  "iEb",
  "jEb",
  "kEb",
  "lEb",
  "mEb",
  "nEb",
  "oEb",
  "pEb",
  "qEb",
  "rEb",
  "sEb",
  "tEb",
  "uEb",
  "vEb",
  "wEb",
  "xEb",
  "yEb",
  "zEb",
  "AEb",
  "BEb",
  "CEb",
  "DEb",
  "EEb",
  "FEb",
  "GEb",
  "HEb",
  "IEb",
  "JEb",
  "KEb",
  "LEb",
  "MEb",
  "NEb",
  "OEb",
  "PEb",
  "QEb",
  "REb",
  "SEb",
  "TEb",
  "UEb",
  "VEb",
  "WEb",
  "XEb",
  "YEb",
  "ZEb",
  "aFb",
  "bFb",
  "cFb",
  "dFb",
  "eFb",
  "fFb",
  "gFb",
  "hFb",
  "iFb",
  "jFb",
  "kFb",
  "lFb",
  "mFb",
  "nFb",
  "oFb",
  "pFb",
  "qFb",
  "rFb",
  "sFb",
  "tFb",
  "uFb",
  "vFb",
  "wFb",
  "xFb",
  "yFb",
  "zFb",
  "AFb",
  "BFb",
  "CFb",
  "DFb",
  "EFb",
  "FFb",
  "GFb",
  "HFb",
  "IFb",
  "JFb",
  "KFb",
  "LFb",
  "MFb",
  "NFb",
  "OFb",
  "PFb",
  "QFb",
  "RFb",
  "SFb",
  "TFb",
  "UFb",
  "VFb",
  "WFb",
  "XFb",
  "YFb",
  "ZFb",
  "aGb",
  "bGb",
  "cGb",
  "dGb",
  "eGb",
  "fGb",
  "gGb",
  "hGb",
  "iGb",
  "jGb",
  "kGb",
  "lGb",
  "mGb",
  "nGb",
  "oGb",
  "pGb",
  "qGb",
  "rGb",
  "sGb",
  "tGb",
  "uGb",
  "vGb",
  "wGb",
  "xGb",
  "yGb",
  "zGb",
  "AGb",
  "BGb",
  "CGb",
  "DGb",
  "EGb",
  "FGb",
  "GGb",
  "HGb",
  "IGb",
  "JGb",
  "KGb",
  "LGb",
  "MGb",
  "NGb",
  "OGb",
  "PGb",
  "QGb",
  "RGb",
  "SGb",
  "TGb",
  "UGb",
  "VGb",
  "WGb",
  "XGb",
  "YGb",
  "ZGb",
  "aHb",
  "bHb",
  "cHb",
  "dHb",
  "eHb",
  "fHb",
  "gHb",
  "hHb",
  "iHb",
  "jHb",
  "kHb",
  "lHb",
  "mHb",
  "nHb",
  "oHb",
  "pHb",
  "qHb",
  "rHb",
  "sHb",
  "tHb",
  "uHb",
  "vHb",
  "wHb",
  "xHb",
  "yHb",
  "zHb",
  "AHb",
  "BHb",
  "CHb",
  "DHb",
  "EHb",
  "FHb",
  "GHb",
  "HHb",
  "IHb",
  "JHb",
  "KHb",
  "LHb",
  "MHb",
  "NHb",
  "OHb",
  "PHb",
  "QHb",
  "RHb",
  "SHb",
  "THb",
  "UHb",
  "VHb",
  "WHb",
  "XHb",
  "YHb",
  "ZHb",
  "aIb",
  "bIb",
  "cIb",
  "dIb",
  "eIb",
  "fIb",
  "gIb",
  "hIb",
  "iIb",
  "jIb",
  "kIb",
  "lIb",
  "mIb",
  "nIb",
  "oIb",
  "pIb",
  "qIb",
  "rIb",
  "sIb",
  "tIb",
  "uIb",
  "vIb",
]
`;
